// Jest Snapshot v1, https://goo.gl/fbAQLP

exports[`Azure Container Registry With Defaults renders an Azure Container Registry with defaults and checks snapshot 1`] = `
"{
  "output": {
    "container_registry_name": {
      "value": "\${azurerm_container_registry.testAzureContainerRegistryDefaults_acr_93F9D5D6.name}"
    },
    "id": {
      "value": "\${azurerm_container_registry.testAzureContainerRegistryDefaults_acr_93F9D5D6.id}"
    },
    "login_server": {
      "value": "\${azurerm_container_registry.testAzureContainerRegistryDefaults_acr_93F9D5D6.login_server}"
    }
  },
  "provider": {
    "azurerm": [
      {
        "features": {
        }
      }
    ]
  },
  "resource": {
    "azurerm_container_registry": {
      "testAzureContainerRegistryDefaults_acr_93F9D5D6": {
        "admin_enabled": false,
        "georeplications": [
        ],
        "location": "eastus",
        "name": "latest",
        "resource_group_name": "\${azurerm_resource_group.testAzureContainerRegistryDefaults_rg_96E1CBF6.name}",
        "sku": "Basic"
      }
    },
    "azurerm_resource_group": {
      "testAzureContainerRegistryDefaults_rg_96E1CBF6": {
        "location": "eastus",
        "name": "rg-latest"
      }
    }
  },
  "terraform": {
    "required_providers": {
      "azurerm": {
        "source": "azurerm",
        "version": "3.70.0"
      }
    }
  }
}"
`;
