// Jest Snapshot v1, https://goo.gl/fbAQLP

exports[`Azure Key Vault With Defaults renders an Azure Key Vault with defaults and checks snapshot 1`] = `
"{
  "output": {
    "id": {
      "value": "\${azurerm_key_vault.testAzureKeyVaultDefaults_key_vault_A0C09326.id}"
    },
    "key_vault_name": {
      "value": "\${azurerm_key_vault.testAzureKeyVaultDefaults_key_vault_A0C09326.name}"
    }
  },
  "provider": {
    "azurerm": [
      {
        "features": {
        }
      }
    ]
  },
  "resource": {
    "azurerm_key_vault": {
      "testAzureKeyVaultDefaults_key_vault_A0C09326": {
        "location": "eastus",
        "name": "kv-test",
        "purge_protection_enabled": true,
        "resource_group_name": "\${azurerm_resource_group.testAzureKeyVaultDefaults_rg_8D888E30.name}",
        "sku_name": "standard",
        "soft_delete_retention_days": 90,
        "tenant_id": "123e4567-e89b-12d3-a456-426614174000"
      }
    },
    "azurerm_resource_group": {
      "testAzureKeyVaultDefaults_rg_8D888E30": {
        "location": "eastus",
        "name": "rg-kv-test"
      }
    }
  },
  "terraform": {
    "required_providers": {
      "azurerm": {
        "source": "azurerm",
        "version": "3.70.0"
      }
    }
  }
}"
`;
