// Jest Snapshot v1, https://goo.gl/fbAQLP

exports[`Log Analytics Workspace With Defaults renders a Log Analytics Workspace with defaults and checks snapshot 1`] = `
"{
  "output": {
    "log_analytics_id": {
      "value": "\${azurerm_log_analytics_workspace.testAzureLogAnalyticsDefaults_log_analytics_A4DF54D3.id}"
    },
    "log_analytics_primary_shared_key": {
      "sensitive": true,
      "value": "\${azurerm_log_analytics_workspace.testAzureLogAnalyticsDefaults_log_analytics_A4DF54D3.primary_shared_key}"
    },
    "log_analytics_workspace_id": {
      "value": "\${azurerm_log_analytics_workspace.testAzureLogAnalyticsDefaults_log_analytics_A4DF54D3.workspace_id}"
    }
  },
  "provider": {
    "azurerm": [
      {
        "features": {
        }
      }
    ]
  },
  "resource": {
    "azurerm_log_analytics_workspace": {
      "testAzureLogAnalyticsDefaults_log_analytics_A4DF54D3": {
        "location": "eastus",
        "name": "la-test",
        "resource_group_name": "\${azurerm_resource_group.testAzureLogAnalyticsDefaults_rg_72C25C7A.name}",
        "retention_in_days": 30,
        "sku": "PerGB2018"
      }
    },
    "azurerm_resource_group": {
      "testAzureLogAnalyticsDefaults_rg_72C25C7A": {
        "location": "eastus",
        "name": "rg-la-test"
      }
    }
  },
  "terraform": {
    "required_providers": {
      "azurerm": {
        "source": "azurerm",
        "version": "3.70.0"
      }
    }
  }
}"
`;
