// Jest Snapshot v1, https://goo.gl/fbAQLP

exports[`Log Analytics Workspace Example renders the Example Log Analytics Workspace and checks snapshot 1`] = `
"{
  "data": {
    "azurerm_client_config": {
      "CurrentClientConfig": {
      }
    },
    "azurerm_monitor_diagnostic_categories": {
      "la_diagsettings_diagcategories_FA524658": {
        "resource_id": "\${azurerm_log_analytics_workspace.la_log_analytics_7551D130.id}"
      }
    }
  },
  "output": {
    "id": {
      "value": "\${azurerm_monitor_metric_alert.la_metricalert_metricAlert_E1196AB9.id}"
    },
    "log_analytics_id": {
      "value": "\${azurerm_log_analytics_workspace.la_log_analytics_7551D130.id}"
    },
    "log_analytics_primary_shared_key": {
      "sensitive": true,
      "value": "\${azurerm_log_analytics_workspace.la_log_analytics_7551D130.primary_shared_key}"
    },
    "log_analytics_workspace_id": {
      "value": "\${azurerm_log_analytics_workspace.la_log_analytics_7551D130.workspace_id}"
    },
    "loganalytics_workspace_name": {
      "value": "la-\${var.name}"
    },
    "loganalytics_workspace_retention": {
      "value": 90
    },
    "loganalytics_workspace_sku": {
      "value": "PerGB2018"
    },
    "resource_group_name": {
      "value": "\${azurerm_resource_group.rg.name}"
    }
  },
  "provider": {
    "azurerm": [
      {
        "features": {
        }
      }
    ]
  },
  "resource": {
    "azurerm_eventhub_namespace": {
      "ehns": {
        "location": "\${azurerm_resource_group.rg.location}",
        "name": "ehns-\${var.name}",
        "resource_group_name": "\${azurerm_resource_group.rg.name}",
        "sku": "Standard"
      }
    },
    "azurerm_log_analytics_data_export_rule": {
      "la_export-0_F0CD2254": {
        "destination_resource_id": "\${azurerm_eventhub_namespace.ehns.id}",
        "enabled": true,
        "name": "export-test",
        "resource_group_name": "\${azurerm_resource_group.rg.name}",
        "table_names": [
          "Heartbeat"
        ],
        "workspace_resource_id": "\${azurerm_log_analytics_workspace.la_log_analytics_7551D130.id}"
      }
    },
    "azurerm_log_analytics_saved_search": {
      "la_function-0_CB704AE1": {
        "category": "Function",
        "display_name": "Example function 1",
        "function_alias": "function_name_1",
        "function_parameters": [
        ],
        "log_analytics_workspace_id": "\${azurerm_log_analytics_workspace.la_log_analytics_7551D130.id}",
        "name": "function_name_1",
        "query": "Event | where EventLevelName != 'Informational' | where TimeGenerated > ago(24h)"
      },
      "la_function-1_E44CA65A": {
        "category": "Function",
        "display_name": "Example function 2",
        "function_alias": "function_name_2",
        "function_parameters": [
          "typeArg:string=mail",
          "tagsArg:string=dc"
        ],
        "log_analytics_workspace_id": "\${azurerm_log_analytics_workspace.la_log_analytics_7551D130.id}",
        "name": "function_name_2",
        "query": "Event | where EventLevelName != 'Informational' | where TimeGenerated > ago(24h)"
      }
    },
    "azurerm_log_analytics_workspace": {
      "la_log_analytics_7551D130": {
        "location": "eastus",
        "name": "la-\${var.name}",
        "resource_group_name": "\${azurerm_resource_group.rg.name}",
        "retention_in_days": 90,
        "sku": "PerGB2018"
      }
    },
    "azurerm_monitor_diagnostic_setting": {
      "la_diagsettings_C56A5F09": {
        "dynamic": {
          "enabled_log": {
            "content": {
              "category": "\${enabled_log.value}"
            },
            "for_each": "\${tolist(data.azurerm_monitor_diagnostic_categories.la_diagsettings_diagcategories_FA524658.log_category_types)}"
          },
          "metric": {
            "content": {
              "category": "\${metric.value}"
            },
            "for_each": "\${tolist(data.azurerm_monitor_diagnostic_categories.la_diagsettings_diagcategories_FA524658.metrics)}"
          }
        },
        "name": "diag-settings",
        "storage_account_id": "\${azurerm_storage_account.storage.id}",
        "target_resource_id": "\${azurerm_log_analytics_workspace.la_log_analytics_7551D130.id}"
      }
    },
    "azurerm_monitor_metric_alert": {
      "la_metricalert_metricAlert_E1196AB9": {
        "auto_mitigate": true,
        "criteria": [
          {
            "aggregation": "Average",
            "metric_name": "Heartbeat",
            "metric_namespace": "Microsoft.operationalinsights/workspaces",
            "operator": "LessThan",
            "skip_metric_validation": false,
            "threshold": 0
          }
        ],
        "enabled": true,
        "frequency": "PT5M",
        "name": "metricAlert-test",
        "resource_group_name": "\${azurerm_resource_group.rg.name}",
        "scopes": [
          "\${azurerm_log_analytics_workspace.la_log_analytics_7551D130.id}"
        ],
        "severity": 3,
        "window_size": "PT5M"
      }
    },
    "azurerm_resource_group": {
      "rg": {
        "location": "eastus",
        "name": "rg-\${var.name}"
      }
    },
    "azurerm_role_assignment": {
      "la_TfTokenTOKEN50Contributor_role_9CF725BB": {
        "principal_id": "\${data.azurerm_client_config.CurrentClientConfig.object_id}",
        "role_definition_name": "Contributor",
        "scope": "\${azurerm_log_analytics_workspace.la_log_analytics_7551D130.id}"
      },
      "la_TfTokenTOKEN51MonitoringReader_role_CE719DDD": {
        "principal_id": "\${data.azurerm_client_config.CurrentClientConfig.object_id}",
        "role_definition_name": "Monitoring Reader",
        "scope": "\${azurerm_log_analytics_workspace.la_log_analytics_7551D130.id}"
      }
    },
    "azurerm_storage_account": {
      "storage": {
        "account_replication_type": "LRS",
        "account_tier": "Standard",
        "location": "\${azurerm_resource_group.rg.location}",
        "min_tls_version": "TLS1_2",
        "name": "sta\${var.name}88t97",
        "network_rules": {
          "bypass": [
            "AzureServices"
          ],
          "default_action": "Deny"
        },
        "public_network_access_enabled": false,
        "resource_group_name": "\${azurerm_resource_group.rg.name}"
      }
    }
  },
  "terraform": {
    "required_providers": {
      "azurerm": {
        "source": "azurerm",
        "version": "3.70.0"
      }
    }
  },
  "variable": {
    "name": {
      "default": "test",
      "description": "System name used to randomize the resources",
      "type": "string"
    }
  }
}"
`;

exports[`Log Analytics Workspace With Defaults renders a Log Analytics Workspace with defaults and checks snapshot 1`] = `
"{
  "output": {
    "log_analytics_id": {
      "value": "\${azurerm_log_analytics_workspace.testAzureLogAnalyticsDefaults_log_analytics_A4DF54D3.id}"
    },
    "log_analytics_primary_shared_key": {
      "sensitive": true,
      "value": "\${azurerm_log_analytics_workspace.testAzureLogAnalyticsDefaults_log_analytics_A4DF54D3.primary_shared_key}"
    },
    "log_analytics_workspace_id": {
      "value": "\${azurerm_log_analytics_workspace.testAzureLogAnalyticsDefaults_log_analytics_A4DF54D3.workspace_id}"
    }
  },
  "provider": {
    "azurerm": [
      {
        "features": {
        }
      }
    ]
  },
  "resource": {
    "azurerm_log_analytics_workspace": {
      "testAzureLogAnalyticsDefaults_log_analytics_A4DF54D3": {
        "location": "eastus",
        "name": "la-test",
        "resource_group_name": "rg-test",
        "retention_in_days": 30,
        "sku": "PerGB2018"
      }
    }
  },
  "terraform": {
    "required_providers": {
      "azurerm": {
        "source": "azurerm",
        "version": "3.70.0"
      }
    }
  }
}"
`;
