// Jest Snapshot v1, https://goo.gl/fbAQLP

exports[`Kusto With Defaults renders an Kusto with defaults and checks snapshot 1`] = `
"{
  "provider": {
    "azurerm": [
      {
        "features": {
        }
      }
    ]
  },
  "resource": {
    "azurerm_kusto_cluster": {
      "testAzureKustoDefaults_Kusto_4306B42C": {
        "auto_stop_enabled": true,
        "identity": {
          "identity_ids": [
          ],
          "type": "SystemAssigned"
        },
        "location": "\${azurerm_resource_group.testAzureKustoDefaults_rg_D07F28C5.location}",
        "name": "kustotest",
        "public_network_access_enabled": true,
        "purge_enabled": false,
        "resource_group_name": "\${azurerm_resource_group.testAzureKustoDefaults_rg_D07F28C5.name}",
        "sku": {
          "capacity": 2,
          "name": "Dev(No SLA)_Standard_E2a_v4"
        },
        "streaming_ingestion_enabled": true,
        "zones": [
          "1",
          "2",
          "3"
        ]
      }
    },
    "azurerm_resource_group": {
      "testAzureKustoDefaults_rg_D07F28C5": {
        "location": "eastus",
        "name": "rg-kustotest"
      }
    }
  },
  "terraform": {
    "required_providers": {
      "azurerm": {
        "source": "azurerm",
        "version": "3.70.0"
      }
    }
  }
}"
`;
