// Jest Snapshot v1, https://goo.gl/fbAQLP

exports[`Azure Storage Account With Defaults renders an Azure Storage Account with defaults and checks snapshot 1`] = `
"{
  "provider": {
    "azurerm": [
      {
        "features": {
        }
      }
    ]
  },
  "resource": {
    "azurerm_resource_group": {
      "storageaccount_rg_F4452564": {
        "location": "eastus",
        "name": "rg-test42348808"
      }
    },
    "azurerm_storage_account": {
      "storageaccountstorageAccount_storageaccount_0DD35845": {
        "access_tier": "Hot",
        "account_kind": "StorageV2",
        "account_replication_type": "LRS",
        "account_tier": "Standard",
        "enable_https_traffic_only": true,
        "is_hns_enabled": true,
        "location": "eastus",
        "min_tls_version": "TLS1_2",
        "name": "test42348808",
        "resource_group_name": "\${azurerm_resource_group.storageaccount_rg_F4452564.name}",
        "shared_access_key_enabled": true
      }
    }
  },
  "terraform": {
    "required_providers": {
      "azurerm": {
        "source": "azurerm",
        "version": "3.70.0"
      }
    }
  }
}"
`;
