// Jest Snapshot v1, https://goo.gl/fbAQLP

exports[`Azure Metric Alert With Defaults renders an Azure Metric Alert with defaults and checks snapshot 1`] = `
"{
  "output": {
    "id": {
      "value": "\${azurerm_monitor_metric_alert.testAzureQueryRuleAlert_metricAlert_7716E17C.id}"
    }
  },
  "provider": {
    "azurerm": [
      {
        "features": {
        }
      }
    ]
  },
  "resource": {
    "azurerm_monitor_metric_alert": {
      "testAzureQueryRuleAlert_metricAlert_7716E17C": {
        "auto_mitigate": true,
        "criteria": [
          {
            "aggregation": "Average",
            "metric_name": "Heartbeat",
            "metric_namespace": "Microsoft.operationalinsights/workspaces",
            "operator": "LessThan",
            "skip_metric_validation": false,
            "threshold": 0
          }
        ],
        "enabled": true,
        "frequency": "PT5M",
        "name": "metric alert test",
        "resource_group_name": "\${azurerm_resource_group.MyResourceGroup.name}",
        "scopes": [
          "/subscriptions/00000000-0000-0000-0000-000000000000"
        ],
        "severity": 3,
        "window_size": "PT5M"
      }
    },
    "azurerm_resource_group": {
      "MyResourceGroup": {
        "location": "eastus",
        "name": "rg-test"
      }
    }
  },
  "terraform": {
    "required_providers": {
      "azurerm": {
        "source": "azurerm",
        "version": "3.70.0"
      }
    }
  }
}"
`;
