// Jest Snapshot v1, https://goo.gl/fbAQLP

exports[`Application Gateway With Defaults renders an Application Gateway with defaults and checks snapshot 1`] = `
"{
  "provider": {
    "azurerm": [
      {
        "features": {
        }
      }
    ]
  },
  "resource": {
    "azurerm_application_gateway": {
      "testAzureApplicationGatewayDefaults2_ApplicationGateway_04B13FBA": {
        "backend_address_pool": [
          {
            "name": "backend-address-pool-1"
          },
          {
            "ip_addresses": [
              "10.0.0.4",
              "10.0.0.5",
              "10.0.0.6"
            ],
            "name": "backend-address-pool-2"
          }
        ],
        "backend_http_settings": [
          {
            "cookie_based_affinity": "Disabled",
            "name": "backend-http-setting",
            "port": 80,
            "protocol": "Http",
            "request_timeout": 20
          }
        ],
        "frontend_ip_configuration": [
          {
            "name": "Dummy-frontend-ip-configuration"
          }
        ],
        "frontend_port": [
          {
            "name": "80",
            "port": 80
          },
          {
            "name": "443",
            "port": 443
          }
        ],
        "gateway_ip_configuration": [
          {
            "name": "application-gateway-configuration",
            "subnet_id": "\${azurerm_subnet.testAzureApplicationGatewayDefaults2_vnet_default_94DB58C1.id}"
          }
        ],
        "http_listener": [
          {
            "frontend_ip_configuration_name": "Public",
            "frontend_port_name": "frontend-port",
            "name": "http-listener",
            "protocol": "Http"
          }
        ],
        "location": "eastus",
        "name": "application-gateway",
        "request_routing_rule": [
          {
            "backend_address_pool_name": "backend-address-pool-1",
            "backend_http_settings_name": "backend-http-setting",
            "http_listener_name": "http-listener",
            "name": "request-routing-rule-1",
            "rule_type": "Basic"
          },
          {
            "backend_address_pool_name": "backend-address-pool-2",
            "backend_http_settings_name": "backend-http-setting",
            "http_listener_name": "http-listener",
            "name": "request-routing-rule-2",
            "rule_type": "Basic"
          }
        ],
        "resource_group_name": "\${azurerm_resource_group.testAzureApplicationGatewayDefaults2_rg_0D1F3FC1.name}",
        "sku": {
          "capacity": 2,
          "name": "WAF_v2",
          "tier": "WAF_v2"
        }
      }
    },
    "azurerm_resource_group": {
      "testAzureApplicationGatewayDefaults2_rg_0D1F3FC1": {
        "location": "eastus",
        "name": "rg-application-gateway"
      }
    },
    "azurerm_subnet": {
      "testAzureApplicationGatewayDefaults2_vnet_default_94DB58C1": {
        "address_prefixes": [
          "10.1.0.0/24"
        ],
        "name": "default",
        "resource_group_name": "\${azurerm_resource_group.testAzureApplicationGatewayDefaults2_rg_0D1F3FC1.name}",
        "virtual_network_name": "\${azurerm_virtual_network.testAzureApplicationGatewayDefaults2_vnet_33CC9CBF.name}"
      }
    },
    "azurerm_virtual_network": {
      "testAzureApplicationGatewayDefaults2_vnet_33CC9CBF": {
        "address_space": [
          "10.0.0.0/16"
        ],
        "location": "eastus",
        "name": "vnet-test",
        "resource_group_name": "\${azurerm_resource_group.testAzureApplicationGatewayDefaults2_rg_0D1F3FC1.name}"
      }
    }
  },
  "terraform": {
    "required_providers": {
      "azurerm": {
        "source": "azurerm",
        "version": "3.70.0"
      }
    }
  }
}"
`;
