// Jest Snapshot v1, https://goo.gl/fbAQLP

exports[`Azure Linux Virtual Machine Scale Set With Defaults renders an Azure Linux Virtual Machine  Scale Set with defaults and checks snapshot 1`] = `
"{
  "provider": {
    "azurerm": [
      {
        "features": {
        }
      }
    ]
  },
  "resource": {
    "azurerm_linux_virtual_machine_scale_set": {
      "testVirtualMachineScaleSet_vmss_4AC909AF": {
        "admin_username": "admintestAzureVMSSWithDefaults",
        "disable_password_authentication": true,
        "instances": 1,
        "location": "eastus",
        "name": "testAzureVMSSWithDefaults",
        "network_interface": [
          {
            "ip_configuration": [
              {
                "name": "internal",
                "primary": true,
                "subnet_id": "\${azurerm_subnet.testVirtualMachineScaleSet_vnet_default_097110D2.id}"
              }
            ],
            "name": "nic-testAzureVMSSWithDefaults",
            "primary": true
          }
        ],
        "os_disk": {
          "caching": "ReadWrite",
          "storage_account_type": "Standard_LRS"
        },
        "resource_group_name": "\${azurerm_resource_group.testVirtualMachineScaleSet_rg_41B4540E.name}",
        "sku": "Standard_B2s",
        "source_image_reference": {
          "offer": "0001-com-ubuntu-server-jammy",
          "publisher": "Canonical",
          "sku": "22_04-lts-gen2",
          "version": "latest"
        }
      }
    },
    "azurerm_resource_group": {
      "testVirtualMachineScaleSet_rg_41B4540E": {
        "location": "eastus",
        "name": "rg-undefined"
      }
    },
    "azurerm_subnet": {
      "testVirtualMachineScaleSet_vnet_default_097110D2": {
        "address_prefixes": [
          "10.1.0.0/24"
        ],
        "name": "default",
        "resource_group_name": "\${azurerm_resource_group.testVirtualMachineScaleSet_rg_41B4540E.name}",
        "virtual_network_name": "\${azurerm_virtual_network.testVirtualMachineScaleSet_vnet_6B0AF69B.name}"
      }
    },
    "azurerm_virtual_network": {
      "testVirtualMachineScaleSet_vnet_6B0AF69B": {
        "address_space": [
          "10.0.0.0/16"
        ],
        "location": "eastus",
        "name": "vnet-testAzureVMSSWithDefaults",
        "resource_group_name": "\${azurerm_resource_group.testVirtualMachineScaleSet_rg_41B4540E.name}"
      }
    }
  },
  "terraform": {
    "required_providers": {
      "azurerm": {
        "source": "azurerm",
        "version": "3.70.0"
      }
    }
  }
}"
`;
