// Jest Snapshot v1, https://goo.gl/fbAQLP

exports[`Azure Resource Example renders the Azure Resource example and checks snapshot 1`] = `
"{
  "data": {
    "azurerm_client_config": {
      "CurrentClientConfig": {
      }
    },
    "azurerm_monitor_diagnostic_categories": {
      "storage_diagsettings_diagcategories_45A8E831": {
        "resource_id": "\${azurerm_storage_account.storage_6B604F96.id}"
      }
    }
  },
  "output": {
    "diag_settings_name": {
      "value": "diag-settings-test"
    }
  },
  "provider": {
    "azurerm": [
      {
        "features": {
        }
      }
    ]
  },
  "resource": {
    "azurerm_monitor_diagnostic_setting": {
      "storage_diagsettings_5781664A": {
        "dynamic": {
          "enabled_log": {
            "content": {
              "category": "\${enabled_log.value}",
              "retention_policy": {
                "enabled": false
              }
            },
            "for_each": "\${tolist(data.azurerm_monitor_diagnostic_categories.storage_diagsettings_diagcategories_45A8E831.logs)}"
          },
          "metric": {
            "content": {
              "category": "\${metric.value}",
              "retention_policy": {
                "enabled": false
              }
            },
            "for_each": "\${tolist(data.azurerm_monitor_diagnostic_categories.storage_diagsettings_diagcategories_45A8E831.metrics)}"
          }
        },
        "name": "diag-settings",
        "storage_account_id": "\${azurerm_storage_account.storage_6B604F96.id}",
        "target_resource_id": "\${azurerm_storage_account.storage_6B604F96.id}"
      }
    },
    "azurerm_resource_group": {
      "rg": {
        "location": "eastus",
        "name": "rg-\${var.name}"
      }
    },
    "azurerm_role_assignment": {
      "storage_TfTokenTOKEN14Contributor_role_193D39A0": {
        "principal_id": "\${data.azurerm_client_config.CurrentClientConfig.object_id}",
        "role_definition_name": "Contributor",
        "scope": "\${azurerm_storage_account.storage_6B604F96.id}"
      },
      "storage_TfTokenTOKEN15MonitoringReader_role_3B9D12E5": {
        "principal_id": "\${data.azurerm_client_config.CurrentClientConfig.object_id}",
        "role_definition_name": "Monitoring Reader",
        "scope": "\${azurerm_storage_account.storage_6B604F96.id}"
      }
    },
    "azurerm_storage_account": {
      "storage_6B604F96": {
        "account_replication_type": "LRS",
        "account_tier": "Standard",
        "location": "\${azurerm_resource_group.rg.location}",
        "name": "stastorage",
        "resource_group_name": "\${azurerm_resource_group.rg.name}"
      }
    }
  },
  "terraform": {
    "required_providers": {
      "azurerm": {
        "source": "azurerm",
        "version": "3.75.0"
      }
    }
  },
  "variable": {
    "name": {
      "default": "test",
      "description": "System name used to randomize the resources",
      "type": "string"
    }
  }
}"
`;
