// Jest Snapshot v1, https://goo.gl/fbAQLP

exports[`Azure Network Security Group With Defaults renders an Azure Network Security Group with defaults and checks snapshot 1`] = `
"{
  "provider": {
    "azurerm": [
      {
        "features": {
        }
      }
    ]
  },
  "resource": {
    "azurerm_network_security_group": {
      "testAzureNetworkSecurityGroupDefaults_nsg_EF1D027C": {
        "location": "eastus",
        "name": "my-nsg",
        "resource_group_name": "\${azurerm_resource_group.testAzureNetworkSecurityGroupDefaults_rg_D31230B7.name}"
      }
    },
    "azurerm_network_security_rule": {
      "testAzureNetworkSecurityGroupDefaults_SSH_B74D5EF3": {
        "access": "Allow",
        "destination_address_prefix": "*",
        "destination_port_range": "22",
        "direction": "Inbound",
        "name": "SSH",
        "network_security_group_name": "\${azurerm_network_security_group.testAzureNetworkSecurityGroupDefaults_nsg_EF1D027C.name}",
        "priority": 501,
        "protocol": "Tcp",
        "resource_group_name": "\${azurerm_resource_group.testAzureNetworkSecurityGroupDefaults_rg_D31230B7.name}",
        "source_address_prefix": "10.0.0.0/24",
        "source_port_range": "*"
      }
    },
    "azurerm_resource_group": {
      "testAzureNetworkSecurityGroupDefaults_rg_D31230B7": {
        "location": "eastus",
        "name": "rg-my-nsg"
      }
    }
  },
  "terraform": {
    "required_providers": {
      "azurerm": {
        "source": "azurerm",
        "version": "3.70.0"
      }
    }
  }
}"
`;
