// Jest Snapshot v1, https://goo.gl/fbAQLP

exports[`Application Insights With Defaults renders an Application Insights with defaults and checks snapshot 1`] = `
"{
  "output": {
    "app_id": {
      "value": "\${azurerm_application_insights.testAzureApplicationInsightsDefaults_appinsights_1184F8FC.app_id}"
    },
    "connection_string": {
      "sensitive": true,
      "value": "\${azurerm_application_insights.testAzureApplicationInsightsDefaults_appinsights_1184F8FC.connection_string}"
    },
    "id": {
      "value": "\${azurerm_application_insights.testAzureApplicationInsightsDefaults_appinsights_1184F8FC.id}"
    },
    "instrumentation_key": {
      "sensitive": true,
      "value": "\${azurerm_application_insights.testAzureApplicationInsightsDefaults_appinsights_1184F8FC.instrumentation_key}"
    },
    "name": {
      "value": "\${azurerm_application_insights.testAzureApplicationInsightsDefaults_appinsights_1184F8FC.name}"
    }
  },
  "provider": {
    "azurerm": [
      {
        "features": {
        }
      }
    ]
  },
  "resource": {
    "azurerm_application_insights": {
      "testAzureApplicationInsightsDefaults_appinsights_1184F8FC": {
        "application_type": "web",
        "location": "eastus",
        "name": "appi-test",
        "resource_group_name": "\${azurerm_resource_group.testAzureApplicationInsightsDefaults_rg_6BE48C73.name}",
        "workspace_id": "\${azurerm_log_analytics_workspace.testAzureApplicationInsightsDefaults_log_analytics_5C943AED.id}"
      }
    },
    "azurerm_log_analytics_workspace": {
      "testAzureApplicationInsightsDefaults_log_analytics_5C943AED": {
        "location": "eastus",
        "name": "appi-test-la",
        "resource_group_name": "\${azurerm_resource_group.testAzureApplicationInsightsDefaults_rg_6BE48C73.name}",
        "sku": "PerGB2018"
      }
    },
    "azurerm_resource_group": {
      "testAzureApplicationInsightsDefaults_rg_6BE48C73": {
        "location": "eastus",
        "name": "rg-appi-test"
      }
    }
  },
  "terraform": {
    "required_providers": {
      "azurerm": {
        "source": "azurerm",
        "version": "3.70.0"
      }
    }
  }
}"
`;
