// Jest Snapshot v1, https://goo.gl/fbAQLP

exports[`Azure Linux Function App With Defaults renders an Azure Linux Function App with defaults and checks snapshot 1`] = `
"{
  "provider": {
    "azurerm": [
      {
        "features": {
        }
      }
    ]
  },
  "resource": {
    "azurerm_linux_function_app": {
      "testAzureLinuxFunctionApp_2B86F984": {
        "builtin_logging_enabled": true,
        "client_certificate_enabled": false,
        "client_certificate_exclusion_paths": "",
        "client_certificate_mode": "Required",
        "enabled": true,
        "functions_extension_version": "~4",
        "https_only": true,
        "identity": {
          "type": "SystemAssigned"
        },
        "location": "eastus",
        "name": "fatest",
        "public_network_access_enabled": true,
        "resource_group_name": "\${azurerm_resource_group.testAzureLinuxFunctionApp_rg_9D21757F.name}",
        "service_plan_id": "\${azurerm_service_plan.testAzureLinuxFunctionApp_AppServicePlan_41C3FFFD.id}",
        "site_config": {
          "application_stack": {
            "node_version": "14"
          },
          "use_32_bit_worker": false
        },
        "storage_account_name": "\${azurerm_storage_account.testAzureLinuxFunctionApp_sa_4C0B969D.name}",
        "storage_uses_managed_identity": true
      }
    },
    "azurerm_resource_group": {
      "testAzureLinuxFunctionApp_rg_9D21757F": {
        "location": "eastus",
        "name": "rg-fatest"
      }
    },
    "azurerm_service_plan": {
      "testAzureLinuxFunctionApp_AppServicePlan_41C3FFFD": {
        "location": "eastus",
        "name": "fatestasp",
        "os_type": "Linux",
        "resource_group_name": "\${azurerm_resource_group.testAzureLinuxFunctionApp_rg_9D21757F.name}",
        "sku_name": "Y1"
      }
    },
    "azurerm_storage_account": {
      "testAzureLinuxFunctionApp_sa_4C0B969D": {
        "account_replication_type": "LRS",
        "account_tier": "Standard",
        "location": "eastus",
        "min_tls_version": "TLS1_2",
        "name": "fateststacc",
        "network_rules": {
          "bypass": [
            "AzureServices"
          ],
          "default_action": "Deny"
        },
        "public_network_access_enabled": false,
        "resource_group_name": "\${azurerm_resource_group.testAzureLinuxFunctionApp_rg_9D21757F.name}"
      }
    }
  },
  "terraform": {
    "required_providers": {
      "azurerm": {
        "source": "azurerm",
        "version": "3.70.0"
      }
    }
  }
}"
`;
