// Jest Snapshot v1, https://goo.gl/fbAQLP

exports[`Azure Eventhub Example renders the Example Azure Eventhub and checks snapshot 1`] = `
{
  "data": {
    "azurerm_client_config": {
      "CurrentClientConfig": {},
    },
  },
  "output": {
    "id": {
      "value": "\${azurerm_monitor_metric_alert.eventhub_metricalert_metricAlert_98164A67.id}",
    },
    "partition_ids": {
      "value": "\${tolist(azurerm_eventhub.eventhub_ehinstance_ehinstance-test-eventhub-instance_6C544BA5.partition_ids)}",
    },
    "primary_connection_string": {
      "sensitive": true,
      "value": "\${azurerm_eventhub_authorization_rule.eventhub_ehinstance_ehauthrule-test-rule_80C99DBB.primary_connection_string}",
    },
    "primary_key": {
      "sensitive": true,
      "value": "\${azurerm_eventhub_authorization_rule.eventhub_ehinstance_ehauthrule-test-rule_80C99DBB.primary_key}",
    },
  },
  "provider": {
    "azurerm": [
      {
        "features": {},
      },
    ],
  },
  "resource": {
    "azurerm_eventhub": {
      "eventhub_ehinstance_ehinstance-test-eventhub-instance_6C544BA5": {
        "message_retention": 1,
        "name": "test-eventhub-instance",
        "namespace_name": "ehns-\${var.name}",
        "partition_count": 2,
        "resource_group_name": "\${azurerm_resource_group.rg.name}",
        "status": "Active",
      },
    },
    "azurerm_eventhub_authorization_rule": {
      "eventhub_ehinstance_ehauthrule-test-rule_80C99DBB": {
        "eventhub_name": "test-eventhub-instance",
        "listen": true,
        "manage": false,
        "name": "test-rule",
        "namespace_name": "ehns-\${var.name}",
        "resource_group_name": "\${azurerm_resource_group.rg.name}",
        "send": true,
      },
    },
    "azurerm_eventhub_consumer_group": {
      "eventhub_ehinstance_ehconsumergroup-test-consumer-group_3A1228DF": {
        "eventhub_name": "test-eventhub-instance",
        "name": "test-consumer-group",
        "namespace_name": "ehns-\${var.name}",
        "resource_group_name": "\${azurerm_resource_group.rg.name}",
      },
    },
    "azurerm_eventhub_namespace": {
      "eventhub_ehnamespace_921C1DD7": {
        "auto_inflate_enabled": false,
        "capacity": 2,
        "identity": {
          "type": "SystemAssigned",
        },
        "local_authentication_enabled": true,
        "location": "\${azurerm_resource_group.rg.location}",
        "maximum_throughput_units": 2,
        "minimum_tls_version": "1.2",
        "name": "ehns-\${var.name}",
        "public_network_access_enabled": true,
        "resource_group_name": "\${azurerm_resource_group.rg.name}",
        "sku": "Basic",
        "tags": {},
        "zone_redundant": false,
      },
    },
    "azurerm_kusto_eventhub_data_connection": {
      "eventhub_ehinstance_ehkustodataconnection-test-eventhub-instance-test-kusto-data-connection_kusto-data-connection-test-kusto-data-connection_9E92DF1E": {
        "cluster_name": "testkustocluster",
        "compression": "None",
        "consumer_group": "$Default",
        "data_format": "JSON",
        "database_name": "test-kusto-database",
        "database_routing_type": "Single",
        "eventhub_id": "\${azurerm_eventhub.eventhub_ehinstance_ehinstance-test-eventhub-instance_6C544BA5.id}",
        "location": "eastus",
        "name": "test-kusto-data-connection",
        "resource_group_name": "\${azurerm_resource_group.rg.name}",
      },
    },
    "azurerm_monitor_metric_alert": {
      "eventhub_metricalert_metricAlert_98164A67": {
        "auto_mitigate": true,
        "criteria": [
          {
            "aggregation": "Total",
            "metric_name": "Server Errors.",
            "metric_namespace": "Microsoft.EventHub/namespaces",
            "operator": "GreaterThan",
            "skip_metric_validation": false,
            "threshold": 100,
          },
        ],
        "enabled": true,
        "frequency": "PT5M",
        "name": "test-metric-alert",
        "resource_group_name": "\${azurerm_resource_group.rg.name}",
        "scopes": [
          "\${azurerm_eventhub_namespace.eventhub_ehnamespace_921C1DD7.id}",
        ],
        "severity": 3,
        "window_size": "PT5M",
      },
    },
    "azurerm_resource_group": {
      "rg": {
        "location": "eastus",
        "name": "rg-\${var.name}",
      },
    },
    "azurerm_role_assignment": {
      "eventhub_TfTokenTOKEN57Contributor_role_26F7B48B": {
        "principal_id": "\${data.azurerm_client_config.CurrentClientConfig.object_id}",
        "role_definition_name": "Contributor",
        "scope": "\${azurerm_eventhub_namespace.eventhub_ehnamespace_921C1DD7.id}",
      },
    },
  },
  "terraform": {
    "required_providers": {
      "azurerm": {
        "source": "azurerm",
        "version": "3.70.0",
      },
    },
  },
  "variable": {
    "name": {
      "default": "test",
      "description": "System name used to randomize the resources",
      "type": "string",
    },
  },
}
`;

exports[`Azure Eventhub With Defaults renders an Azure Eventhub with defaults and checks snapshot 1`] = `
"{
  "output": {
    "id": {
      "value": "\${azurerm_eventhub_namespace.testAzureEventhubDefaults_ehnamespace_B16BC9EF.id}"
    }
  },
  "provider": {
    "azurerm": [
      {
        "features": {
        }
      }
    ]
  },
  "resource": {
    "azurerm_eventhub_namespace": {
      "testAzureEventhubDefaults_ehnamespace_B16BC9EF": {
        "auto_inflate_enabled": false,
        "capacity": 2,
        "identity": {
          "type": "SystemAssigned"
        },
        "local_authentication_enabled": true,
        "location": "\${azurerm_resource_group.MyResourceGroup.location}",
        "maximum_throughput_units": 2,
        "minimum_tls_version": "1.2",
        "name": "eh-test",
        "public_network_access_enabled": true,
        "resource_group_name": "\${azurerm_resource_group.MyResourceGroup.name}",
        "sku": "Basic",
        "tags": {
          "test": "test"
        },
        "zone_redundant": false
      }
    },
    "azurerm_resource_group": {
      "MyResourceGroup": {
        "location": "eastus",
        "name": "rg-test"
      }
    }
  },
  "terraform": {
    "required_providers": {
      "azurerm": {
        "source": "azurerm",
        "version": "3.70.0"
      }
    }
  }
}"
`;
